// Jest Snapshot v1, https://goo.gl/fbAQLP

exports[`sortDescByModifiedDate when the character comics list is given should be sorted in descending order by date 1`] = `
Array [
  Object {
    "id": 40628,
    "modified": "2012-06-19T11:48:47-0400",
    "title": "Hulk (2008) #55",
  },
  Object {
    "id": 40632,
    "modified": "2012-06-12T15:18:39-0400",
    "title": "Hulk (2008) #53",
  },
  Object {
    "id": 40630,
    "modified": "2012-06-11T17:31:00-0400",
    "title": "Hulk (2008) #54",
  },
]
`;
